{
  "best": {
    "base": {
      "coverage": 0.836393674563746,
      "floor": 0.0025,
      "mean_width_uv": 0.026035096496343613,
      "model": "base",
      "mult": 1,
      "mvpe": 0.08728255331516266,
      "rel_l2": 0.11284460127353668,
      "sps": 41.496071517256304,
      "tke": 0.5001028180122375
    }
  },
  "rows": 28,
  "static_reference": {
    "abs": 0.0075,
    "coverage": 0.7352395768930639,
    "rel": 0.02,
    "sps": 39.112385259434
  },
  "status": "REVIEW_REQUIRED",
  "windows": 659
}
