{
  "best": {
    "base": {
      "coverage": 0.8329504482170093,
      "floor": 0.0025,
      "mean_width_uv": 0.027631133794784546,
      "model": "base",
      "mult": 1,
      "mvpe": 0.1606314480304718,
      "rel_l2": 0.12998665869235992,
      "sps": 37.6446847949729,
      "tke": 0.6650677919387817
    },
    "corrected": {
      "coverage": 0.8553125608579076,
      "floor": 0.0025,
      "mean_width_uv": 0.02336014248430729,
      "model": "corrected",
      "mult": 1,
      "mvpe": 0.09375764429569244,
      "rel_l2": 0.09917600452899933,
      "sps": 44.14526358662874,
      "tke": 0.5496014952659607
    }
  },
  "rows": 56,
  "status": "CALIBRATION_COMPLETE",
  "windows": 659
}
