/hy-tmp/realpde_clean_baseline_v1_20260924/code/tools/colleague_80pt/realpde_h5_feature_adapter_train.py:458: FutureWarning: You are using `torch.load` with `weights_only=False` (the current default value), which uses the default pickle module implicitly. It is possible to construct malicious pickle data which will execute arbitrary code during unpickling (See https://github.com/pytorch/pytorch/blob/main/SECURITY.md#untrusted-models for more details). In a future release, the default value for `weights_only` will be flipped to `True`. This limits the functions that could be executed during unpickling. Arbitrary objects will no longer be allowed to be loaded via this mode unless they are explicitly allowlisted by the user via `torch.serialization.add_safe_globals`. We recommend you start setting `weights_only=True` for any use case where you don't have full control of the loaded file. Please open an issue on GitHub for any issues related to this experimental feature.
  checkpoint = torch.load(checkpoint_path, map_location=device)
TRAIN {"epoch": 0.0, "fluct_loss": 0.0007913619629107416, "loss": 0.0013198081869632006, "lr": 9.996757641250017e-05, "mean_loss": 0.0005272910348139703, "pzero": 0.0001122284447774291, "step": 100.0, "tke_loss": 6.595224704142311e-07}
TRAIN {"epoch": 0.0, "fluct_loss": 0.0006173418369144201, "loss": 0.0009155179723165929, "lr": 9.98703477015617e-05, "mean_loss": 0.00029749187524430454, "pzero": 6.388076872099191e-05, "step": 200.0, "tke_loss": 9.074843774214969e-07}
TRAIN {"epoch": 0.0, "fluct_loss": 0.0004087459237780422, "loss": 0.000904421613086015, "lr": 9.970843996732919e-05, "mean_loss": 0.0004951543523930013, "pzero": 5.031235559727065e-05, "step": 300.0, "tke_loss": 3.638377279457927e-07}
TRAIN {"epoch": 0.0, "fluct_loss": 0.0002640965685714036, "loss": 0.00041078022331930697, "lr": 9.948206319498629e-05, "mean_loss": 0.00014626521442551166, "pzero": 4.096542761544697e-05, "step": 400.0, "tke_loss": 1.7541086094752245e-07}
TRAIN {"epoch": 0.0, "fluct_loss": 0.00026890719891525805, "loss": 0.0004064125823788345, "lr": 9.919151098241634e-05, "mean_loss": 0.0001371603284496814, "pzero": 3.385514719411731e-05, "step": 500.0, "tke_loss": 1.2952594374837645e-07}
TRAIN {"epoch": 0.0, "fluct_loss": 0.0001869187835836783, "loss": 0.0006927839131094515, "lr": 9.883716015942293e-05, "mean_loss": 0.0005055292858742177, "pzero": 3.331723564770073e-05, "step": 600.0, "tke_loss": 5.35760378284067e-08}
TRAIN {"epoch": 0.0, "fluct_loss": 0.00016527235857211053, "loss": 0.0002880986430682242, "lr": 9.841947029900259e-05, "mean_loss": 0.00012254306057002395, "pzero": 2.8106214813305996e-05, "step": 700.0, "tke_loss": 4.369963235717478e-08}
TRAIN {"epoch": 0.0, "fluct_loss": 0.0002716390590649098, "loss": 0.0004352831747382879, "lr": 9.793898312130482e-05, "mean_loss": 0.00016340159345418215, "pzero": 2.283632602484431e-05, "step": 800.0, "tke_loss": 2.8305640853432124e-07}
TRAIN {"epoch": 0.0, "fluct_loss": 0.00036713649751618505, "loss": 0.0005376391927711666, "lr": 9.739632179105156e-05, "mean_loss": 0.00017022764950525016, "pzero": 2.5373175958520733e-05, "step": 900.0, "tke_loss": 4.2558036739137606e-07}
TRAIN {"epoch": 0.0, "fluct_loss": 0.0002568062918726355, "loss": 0.0004070797876920551, "lr": 9.67921901093277e-05, "mean_loss": 0.00015004466695245355, "pzero": 2.058976679109037e-05, "step": 1000.0, "tke_loss": 4.5843358975616866e-07}
EVAL {"fluctuation_rel_l2": 1.724230170249939, "iteration": 1000, "mean_field_rel_l2": 0.10850910097360611, "mvpe_raw": 0.1144249439239502, "mvpe_score": 94.58836577515963, "point_score": 78.89312502048433, "rel_l2_raw": 0.17311495542526245, "rel_l2_score": 92.03378749048345, "tke_raw": 1.9954274892807007, "tke_score": 50.05722179580992, "trajectories": 12, "windows": 491}
TRAIN {"epoch": 0.0, "fluct_loss": 0.0001915034226840362, "loss": 0.0002998337149620056, "lr": 9.612737160079119e-05, "mean_loss": 0.00010813712287927046, "pzero": 1.8240387362311594e-05, "step": 1100.0, "tke_loss": 2.155803429104708e-07}
TRAIN {"epoch": 0.0, "fluct_loss": 0.0003166660899296403, "loss": 0.00047202850691974163, "lr": 9.540272849748513e-05, "mean_loss": 0.00015517292194999754, "pzero": 1.63445838552434e-05, "step": 1200.0, "tke_loss": 5.207881486057886e-07}
TRAIN {"epoch": 0.0, "fluct_loss": 0.00010158468649024144, "loss": 0.00023098112433217466, "lr": 9.461920062057234e-05, "mean_loss": 0.0001292568922508508, "pzero": 1.3846869478584267e-05, "step": 1300.0, "tke_loss": 2.195670134597094e-08}
TRAIN {"epoch": 0.0, "fluct_loss": 0.00011930936307180673, "loss": 0.0001889024133561179, "lr": 9.377780416143985e-05, "mean_loss": 6.94713307893835e-05, "pzero": 1.1810247087851167e-05, "step": 1400.0, "tke_loss": 7.245807864819653e-08}
TRAIN {"epoch": 0.0, "fluct_loss": 0.0001993944897549227, "loss": 0.0003183211083523929, "lr": 9.287963036375614e-05, "mean_loss": 0.00011879056546604261, "pzero": 1.1946526683459524e-05, "step": 1500.0, "tke_loss": 3.320302539577824e-07}
TRAIN {"epoch": 0.0, "fluct_loss": 0.00013653862697537988, "loss": 0.00021085122716613114, "lr": 9.192584410819007e-05, "mean_loss": 7.420061592711136e-05, "pzero": 9.881351616058964e-06, "step": 1600.0, "tke_loss": 2.6359325033809e-07}
TRAIN {"epoch": 0.0, "fluct_loss": 0.00017775304149836302, "loss": 0.00027053512167185545, "lr": 9.091768240162608e-05, "mean_loss": 9.266024426324293e-05, "pzero": 1.1251958312641364e-05, "step": 1700.0, "tke_loss": 1.8645822308371862e-07}
TRAIN {"epoch": 0.0, "fluct_loss": 0.0002227651420980692, "loss": 0.0003480070154182613, "lr": 8.985645277283646e-05, "mean_loss": 0.00012510833039414138, "pzero": 1.1129718586744275e-05, "step": 1800.0, "tke_loss": 4.448003778634302e-07}
TRAIN {"epoch": 0.0, "fluct_loss": 8.67373455548659e-05, "loss": 0.00013810824020765722, "lr": 8.874353157669027e-05, "mean_loss": 5.1291568524902686e-05, "pzero": 7.844158972147852e-06, "step": 1900.0, "tke_loss": 1.7871467861141355e-08}
TRAIN {"epoch": 0.0, "fluct_loss": 0.00018861828721128404, "loss": 0.0002981419675052166, "lr": 8.758036220909898e-05, "mean_loss": 0.000109417516796384, "pzero": 9.55049654294271e-06, "step": 2000.0, "tke_loss": 2.1299941010965995e-07}
EVAL {"fluctuation_rel_l2": 1.3789827823638916, "iteration": 2000, "mean_field_rel_l2": 0.08543010801076889, "mvpe_raw": 0.1014108657836914, "mvpe_score": 95.17415335406712, "point_score": 82.97472259829378, "rel_l2_raw": 0.13862085342407227, "rel_l2_score": 93.51821276772219, "tke_raw": 1.3205050230026245, "tke_score": 60.231801673092036, "trajectories": 12, "windows": 491}
TRAIN {"epoch": 0.0, "fluct_loss": 0.0001522236125310883, "loss": 0.00023047006106935441, "lr": 8.636845323501316e-05, "mean_loss": 7.815693243173882e-05, "pzero": 8.068297574936878e-06, "step": 2100.0, "tke_loss": 1.76872845258913e-07}
TRAIN {"epoch": 0.0, "fluct_loss": 9.9879689514637e-05, "loss": 0.00020143561414442956, "lr": 8.510937643189934e-05, "mean_loss": 0.0001014796071103774, "pzero": 7.4220329224772286e-06, "step": 2200.0, "tke_loss": 4.2029348890082474e-08}
TRAIN {"epoch": 0.0, "fluct_loss": 0.00021043396554887295, "loss": 0.0003119825560133904, "lr": 8.38047647512334e-05, "mean_loss": 0.00010145527630811557, "pzero": 7.511390322179068e-06, "step": 2300.0, "tke_loss": 3.6354359167489747e-07}
TRAIN {"epoch": 0.0, "fluct_loss": 0.00026201768196187913, "loss": 0.00043152261059731245, "lr": 8.245631020065455e-05, "mean_loss": 0.00016939561464823782, "pzero": 7.467133400496095e-06, "step": 2400.0, "tke_loss": 6.926608193680295e-07}
TRAIN {"epoch": 0.0, "fluct_loss": 6.058354119886644e-05, "loss": 9.868580673355609e-05, "lr": 8.106576164952711e-05, "mean_loss": 3.803144136327319e-05, "pzero": 6.968500656512333e-06, "step": 2500.0, "tke_loss": 2.2790263898286867e-08}
TRAIN {"epoch": 0.0, "fluct_loss": 0.0001772417308529839, "loss": 0.00029070349410176277, "lr": 7.963492256075598e-05, "mean_loss": 0.0001133763580583036, "pzero": 6.738261618011165e-06, "step": 2600.0, "tke_loss": 3.6020537663716823e-07}
TRAIN {"epoch": 0.0, "fluct_loss": 0.00014922798436600715, "loss": 0.00020900883828289807, "lr": 7.816564865179687e-05, "mean_loss": 5.971022983430885e-05, "pzero": 5.812278232042445e-06, "step": 2700.0, "tke_loss": 2.499665754385205e-07}
TRAIN {"epoch": 0.0, "fluct_loss": 0.0001785291387932375, "loss": 0.0002476412046235055, "lr": 7.665984548789572e-05, "mean_loss": 6.903742905706167e-05, "pzero": 6.037445473339176e-06, "step": 2800.0, "tke_loss": 2.859537175936566e-07}
TRAIN {"epoch": 0.0, "fluct_loss": 0.0001258720876649022, "loss": 0.00018743144755717367, "lr": 7.511946601067814e-05, "mean_loss": 6.149245018605143e-05, "pzero": 6.041361302777659e-06, "step": 2900.0, "tke_loss": 1.2985913144802907e-07}
TRAIN {"epoch": 0.0, "fluct_loss": 0.00018829747568815947, "loss": 0.0002719875774346292, "lr": 7.354650800529472e-05, "mean_loss": 8.362618245882913e-05, "pzero": 5.488395345309982e-06, "step": 3000.0, "tke_loss": 1.8029118109552655e-07}
EVAL {"fluctuation_rel_l2": 1.3013592958450317, "iteration": 3000, "mean_field_rel_l2": 0.08333228528499603, "mvpe_raw": 0.10322605818510056, "mvpe_score": 95.092013158387, "point_score": 84.50636871257991, "rel_l2_raw": 0.13214603066444397, "rel_l2_score": 93.80220544165715, "tke_raw": 1.0947829484939575, "tke_score": 64.6248875376956, "trajectories": 12, "windows": 491}
TRAIN {"epoch": 0.0, "fluct_loss": 0.00012478216376621276, "loss": 0.0001907342957565561, "lr": 7.194301150940629e-05, "mean_loss": 6.589724944205955e-05, "pzero": 4.9054756345867645e-06, "step": 3100.0, "tke_loss": 1.1642113406651333e-07}
TRAIN {"epoch": 0.0, "fluct_loss": 0.00019576643535401672, "loss": 0.00027447473257780075, "lr": 7.031105616737048e-05, "mean_loss": 7.863624341553077e-05, "pzero": 5.230152055446524e-06, "step": 3200.0, "tke_loss": 3.949786560042412e-07}
TRAIN {"epoch": 0.0, "fluct_loss": 7.840436592232436e-05, "loss": 0.00012547793448902667, "lr": 6.865275853306032e-05, "mean_loss": 4.702158548752777e-05, "pzero": 5.012265773984836e-06, "step": 3300.0, "tke_loss": 3.733865838739803e-08}
TRAIN {"epoch": 0.0, "fluct_loss": 0.00013620276877190918, "loss": 0.00021649930567946285, "lr": 6.69702693248138e-05, "mean_loss": 8.024046110222116e-05, "pzero": 4.897387043456547e-06, "step": 3400.0, "tke_loss": 1.4189302532940928e-07}
TRAIN {"epoch": 0.0, "fluct_loss": 0.0002967306354548782, "loss": 0.0003934729902539402, "lr": 6.526577063607335e-05, "mean_loss": 9.666485129855573e-05, "pzero": 4.589732725435169e-06, "step": 3500.0, "tke_loss": 6.322752597043291e-07}
TRAIN {"epoch": 0.0, "fluct_loss": 0.00017216311243828386, "loss": 0.00026388606056571007, "lr": 6.3541473105334e-05, "mean_loss": 9.16671342565678e-05, "pzero": 4.57627220384893e-06, "step": 3600.0, "tke_loss": 2.0122092792007606e-07}
TRAIN {"epoch": 0.0, "fluct_loss": 8.851716120261699e-05, "loss": 0.0001555440976517275, "lr": 6.179961304907038e-05, "mean_loss": 6.698820652673021e-05, "pzero": 3.6789358546229778e-06, "step": 3700.0, "tke_loss": 3.8667636204081646e-08}
TRAIN {"epoch": 0.0, "fluct_loss": 0.0001893213193397969, "loss": 0.00028860208112746477, "lr": 6.004244956136036e-05, "mean_loss": 9.922222670866176e-05, "pzero": 4.177313712716568e-06, "step": 3800.0, "tke_loss": 3.355590081355331e-07}
TRAIN {"epoch": 0.0, "fluct_loss": 0.0001337877765763551, "loss": 0.00021235848544165492, "lr": 5.8272261583967676e-05, "mean_loss": 7.852460112189874e-05, "pzero": 3.754406634470797e-06, "step": 3900.0, "tke_loss": 1.7101086768889218e-07}
TRAIN {"epoch": 0.0, "fluct_loss": 7.144477422116324e-05, "loss": 0.00013921043137088418, "lr": 5.64913449506834e-05, "mean_loss": 6.772186316084117e-05, "pzero": 4.137368705414701e-06, "step": 4000.0, "tke_loss": 4.866878100528993e-08}
EVAL {"fluctuation_rel_l2": 1.1505104303359985, "iteration": 4000, "mean_field_rel_l2": 0.0696379691362381, "mvpe_raw": 0.09012997150421143, "mvpe_score": 95.68782933439554, "point_score": 86.40452195968736, "rel_l2_raw": 0.11471477150917053, "rel_l2_score": 94.5754021745777, "tke_raw": 0.9006385803222656, "tke_score": 68.95033437008884, "trajectories": 12, "windows": 491}
TRAIN {"epoch": 0.0, "fluct_loss": 9.76593146333471e-05, "loss": 0.00014559546252712607, "lr": 5.470200940975912e-05, "mean_loss": 4.789761078427546e-05, "pzero": 3.5968712381873047e-06, "step": 4100.0, "tke_loss": 5.1319901217539154e-08}
TRAIN {"epoch": 0.0, "fluct_loss": 0.00018035099492408335, "loss": 0.00029200484277680516, "lr": 5.290657562829398e-05, "mean_loss": 0.00011159293353557587, "pzero": 4.1558123484719545e-06, "step": 4200.0, "tke_loss": 3.8723601392121054e-07}
TRAIN {"epoch": 0.0, "fluct_loss": 0.0001341488678008318, "loss": 0.00019602017709985375, "lr": 5.1107372182460466e-05, "mean_loss": 6.182939250720665e-05, "pzero": 3.443945388426073e-06, "step": 4300.0, "tke_loss": 1.4931148939467676e-07}
TRAIN {"epoch": 0.0, "fluct_loss": 0.00013723007577937096, "loss": 0.00019982454250566661, "lr": 4.930673253747287e-05, "mean_loss": 6.255530752241611e-05, "pzero": 3.235943950130604e-06, "step": 4400.0, "tke_loss": 1.3593412973023078e-07}
TRAIN {"epoch": 0.0, "fluct_loss": 0.00015621630882378668, "loss": 0.0002280945482198149, "lr": 4.750699202121458e-05, "mean_loss": 7.183646084740758e-05, "pzero": 3.2214782095252303e-06, "step": 4500.0, "tke_loss": 1.9135163142891543e-07}
TRAIN {"epoch": 0.0, "fluct_loss": 6.899834261275828e-05, "loss": 0.00010318426211597398, "lr": 4.5710484795449744e-05, "mean_loss": 3.414932871237397e-05, "pzero": 3.491806410238496e-06, "step": 4600.0, "tke_loss": 3.339940590763035e-08}
TRAIN {"epoch": 0.0, "fluct_loss": 0.000108027204987593, "loss": 0.00014622458547819406, "lr": 4.391954082854757e-05, "mean_loss": 3.815440504695289e-05, "pzero": 2.8879019282612717e-06, "step": 4700.0, "tke_loss": 2.8178004640722065e-07}
TRAIN {"epoch": 0.0, "fluct_loss": 7.078551425365731e-05, "loss": 0.00010728418419603258, "lr": 4.2136482873644855e-05, "mean_loss": 3.647045014076866e-05, "pzero": 2.6601537683745846e-06, "step": 4800.0, "tke_loss": 3.23480549013766e-08}
TRAIN {"epoch": 0.0, "fluct_loss": 0.00018963486945722252, "loss": 0.00026706300559453666, "lr": 4.036362345616622e-05, "mean_loss": 7.738642307231203e-05, "pzero": 3.0200028504623333e-06, "step": 4900.0, "tke_loss": 2.3011573091480386e-07}
TRAIN {"epoch": 0.0, "fluct_loss": 5.223212065175176e-05, "loss": 7.751757220830768e-05, "lr": 3.860326187460958e-05, "mean_loss": 2.525959826016333e-05, "pzero": 2.4765390662651043e-06, "step": 5000.0, "tke_loss": 2.1724950727275427e-08}
EVAL {"fluctuation_rel_l2": 1.0957292318344116, "iteration": 5000, "mean_field_rel_l2": 0.06970043480396271, "mvpe_raw": 0.0892563909292221, "mvpe_score": 95.7278392773266, "point_score": 86.75616773535683, "rel_l2_raw": 0.11162469536066055, "rel_l2_score": 94.71380043973224, "tke_raw": 0.8642271757125854, "tke_score": 69.82686348901161, "trajectories": 12, "windows": 491}
TRAIN {"epoch": 0.0, "fluct_loss": 7.439332694048062e-05, "loss": 0.0001154376586782746, "lr": 3.685768121848581e-05, "mean_loss": 4.101652302779257e-05, "pzero": 2.640033926581964e-06, "step": 5100.0, "tke_loss": 2.8293737130979935e-08}
TRAIN {"epoch": 1.0, "fluct_loss": 0.00020595698151737452, "loss": 0.0003131906851194799, "lr": 3.512914540728057e-05, "mean_loss": 0.00010717762779677287, "pzero": 3.428620402701199e-06, "step": 5200.0, "tke_loss": 4.357921739028825e-07}
TRAIN {"epoch": 1.0, "fluct_loss": 0.00012084343325113878, "loss": 0.00018300647207070142, "lr": 3.341989625427868e-05, "mean_loss": 6.212940206751227e-05, "pzero": 2.589455789347994e-06, "step": 5300.0, "tke_loss": 1.5478556747439143e-07}
TRAIN {"epoch": 1.0, "fluct_loss": 0.00014852946333121508, "loss": 0.00023215192777570337, "lr": 3.173215055905902e-05, "mean_loss": 8.357746992260218e-05, "pzero": 2.826021727742045e-06, "step": 5400.0, "tke_loss": 3.3460230497439625e-07}
TRAIN {"epoch": 1.0, "fluct_loss": 7.774482946842909e-05, "loss": 0.00011365154932718724, "lr": 3.0068097232430692e-05, "mean_loss": 3.587742685340345e-05, "pzero": 2.675380528671667e-06, "step": 5500.0, "tke_loss": 5.0796899131455575e-08}
TRAIN {"epoch": 1.0, "fluct_loss": 0.00011828677088487893, "loss": 0.0001686122704995796, "lr": 2.842989445753925e-05, "mean_loss": 5.0293503591092303e-05, "pzero": 2.6799521037901286e-06, "step": 5600.0, "tke_loss": 1.0377237202874312e-07}
TRAIN {"epoch": 1.0, "fluct_loss": 7.146553252823651e-05, "loss": 0.0001036064641084522, "lr": 2.6819666890825307e-05, "mean_loss": 3.2115560316015035e-05, "pzero": 2.3210939161799615e-06, "step": 5700.0, "tke_loss": 4.318432544891948e-08}
TRAIN {"epoch": 1.0, "fluct_loss": 5.088244142825715e-05, "loss": 8.552266808692366e-05, "lr": 2.5239502906464946e-05, "mean_loss": 3.461825690465048e-05, "pzero": 2.113932850988931e-06, "step": 5800.0, "tke_loss": 1.6737169872271807e-08}
TRAIN {"epoch": 1.0, "fluct_loss": 9.399311238666996e-05, "loss": 0.00014472071779891849, "lr": 2.369145188786671e-05, "mean_loss": 5.070073530077934e-05, "pzero": 2.3162158413470024e-06, "step": 5900.0, "tke_loss": 7.393752810003207e-08}
TRAIN {"epoch": 1.0, "fluct_loss": 0.00026426397380419075, "loss": 0.00037868160870857537, "lr": 2.217752156973676e-05, "mean_loss": 0.00011436080239946023, "pzero": 2.6564171093923505e-06, "step": 6000.0, "tke_loss": 6.054656864762364e-07}
EVAL {"fluctuation_rel_l2": 1.0446103811264038, "iteration": 6000, "mean_field_rel_l2": 0.062033191323280334, "mvpe_raw": 0.08198586106300354, "mvpe_score": 96.06213170817865, "point_score": 87.42488908138056, "rel_l2_raw": 0.10386619716882706, "rel_l2_score": 95.06307970969827, "tke_raw": 0.8109842538833618, "tke_score": 71.14945582626474, "trajectories": 12, "windows": 491}
TRAIN {"epoch": 1.0, "fluct_loss": 8.006291318451986e-05, "loss": 0.0001286539190914482, "lr": 2.069967543416067e-05, "mean_loss": 4.856555096921511e-05, "pzero": 2.3176864942797692e-06, "step": 6100.0, "tke_loss": 4.5532335235520804e-08}
TRAIN {"epoch": 1.0, "fluct_loss": 6.842379661975428e-05, "loss": 0.00011053062917198986, "lr": 1.9259830164077933e-05, "mean_loss": 4.208410973660648e-05, "pzero": 2.127658945028088e-06, "step": 6200.0, "tke_loss": 2.896398498819508e-08}
TRAIN {"epoch": 1.0, "fluct_loss": 9.574053547112271e-05, "loss": 0.00016274815425276756, "lr": 1.7859853157452593e-05, "mean_loss": 6.697807111777365e-05, "pzero": 2.4494277113262797e-06, "step": 6300.0, "tke_loss": 1.009146188835075e-07}
TRAIN {"epoch": 1.0, "fluct_loss": 0.00011680419993354008, "loss": 0.00016655655053909868, "lr": 1.650156010536352e-05, "mean_loss": 4.9723592383088544e-05, "pzero": 2.1803832623845665e-06, "step": 6400.0, "tke_loss": 1.3911721907788888e-07}
TRAIN {"epoch": 1.0, "fluct_loss": 7.046491373330355e-05, "loss": 0.00010936172475339845, "lr": 1.5186712637155745e-05, "mean_loss": 3.8875190512044355e-05, "pzero": 2.0376535303512355e-06, "step": 6500.0, "tke_loss": 2.4783869179145768e-08}
TRAIN {"epoch": 1.0, "fluct_loss": 0.00018204751540906727, "loss": 0.00026005980907939374, "lr": 1.3917016035706612e-05, "mean_loss": 7.796525460435078e-05, "pzero": 2.6061097742058337e-06, "step": 6600.0, "tke_loss": 4.197376028969302e-07}
TRAIN {"epoch": 1.0, "fluct_loss": 0.00012327094736974686, "loss": 0.00017384880629833788, "lr": 1.269411702577035e-05, "mean_loss": 5.053818676969968e-05, "pzero": 2.0995776139898226e-06, "step": 6700.0, "tke_loss": 3.7329851920731016e-07}
TRAIN {"epoch": 1.0, "fluct_loss": 0.00031286783632822335, "loss": 0.00043057792936451733, "lr": 1.1519601638269068e-05, "mean_loss": 0.00011763622023863718, "pzero": 2.553039166741655e-06, "step": 6800.0, "tke_loss": 9.669413429946871e-07}
TRAIN {"epoch": 1.0, "fluct_loss": 8.706103108124807e-05, "loss": 0.00012263000826351345, "lr": 1.0394993153300192e-05, "mean_loss": 3.5546443541534245e-05, "pzero": 1.9580641037464375e-06, "step": 6900.0, "tke_loss": 5.875642017372229e-08}
TRAIN {"epoch": 1.0, "fluct_loss": 7.162697875173762e-05, "loss": 0.00011146025644848123, "lr": 9.321750124528323e-06, "mean_loss": 3.9810951420804486e-05, "pzero": 1.977861074919929e-06, "step": 7000.0, "tke_loss": 5.102633338083251e-08}
EVAL {"fluctuation_rel_l2": 1.01162850856781, "iteration": 7000, "mean_field_rel_l2": 0.06089944764971733, "mvpe_raw": 0.08152593672275543, "mvpe_score": 96.08335715234405, "point_score": 87.5485787971853, "rel_l2_raw": 0.10134328901767731, "rel_l2_score": 95.17721404459084, "tke_raw": 0.8017025589942932, "tke_score": 71.385165194621, "trajectories": 12, "windows": 491}
TRAIN {"epoch": 1.0, "fluct_loss": 0.0001585509889991954, "loss": 0.00022185190755408257, "lr": 8.301264487523588e-06, "mean_loss": 6.326902803266421e-05, "pzero": 2.2663969048153376e-06, "step": 7100.0, "tke_loss": 1.8442352711645071e-07}
TRAIN {"epoch": 1.0, "fluct_loss": 9.526314534014091e-05, "loss": 0.0001401284389430657, "lr": 7.334859754499716e-06, "mean_loss": 4.484096643864177e-05, "pzero": 1.9993640307802707e-06, "step": 7200.0, "tke_loss": 8.662784978241689e-08}
TRAIN {"epoch": 1.0, "fluct_loss": 0.00013579046935774386, "loss": 0.00019677693489938974, "lr": 6.423789297793553e-06, "mean_loss": 6.0951639170525596e-05, "pzero": 2.9707805424550315e-06, "step": 7300.0, "tke_loss": 1.022873732381413e-07}
TRAIN {"epoch": 1.0, "fluct_loss": 0.0002233681734651327, "loss": 0.0003173195000272244, "lr": 5.569234724311978e-06, "mean_loss": 9.389825572725385e-05, "pzero": 2.6009781777247554e-06, "step": 7400.0, "tke_loss": 5.405158276516886e-07}
TRAIN {"epoch": 1.0, "fluct_loss": 0.00010426333028590307, "loss": 0.00014755512529518455, "lr": 4.772304343054453e-06, "mean_loss": 4.326893758843653e-05, "pzero": 1.968780679817428e-06, "step": 7500.0, "tke_loss": 6.348457759486337e-08}
TRAIN {"epoch": 1.0, "fluct_loss": 0.00010806634236359969, "loss": 0.0001535861229058355, "lr": 4.034031727698889e-06, "mean_loss": 4.5484612201107666e-05, "pzero": 2.3635370780539233e-06, "step": 7600.0, "tke_loss": 2.3065619814133242e-07}
TRAIN {"epoch": 1.0, "fluct_loss": 0.00011159455607412383, "loss": 0.00016254230285994709, "lr": 3.3553743761150164e-06, "mean_loss": 5.091882121632807e-05, "pzero": 2.1074247342767194e-06, "step": 7700.0, "tke_loss": 1.5727366076134786e-07}
TRAIN {"epoch": 1.0, "fluct_loss": 0.00020086327276658267, "loss": 0.0002890107571147382, "lr": 2.7372124685436725e-06, "mean_loss": 8.810121653368697e-05, "pzero": 2.4858898086677073e-06, "step": 7800.0, "tke_loss": 4.2813780964934267e-07}
TRAIN {"epoch": 1.0, "fluct_loss": 7.846617518225685e-05, "loss": 0.00011933184578083456, "lr": 2.1803477260528403e-06, "mean_loss": 4.084362808498554e-05, "pzero": 1.970930270545068e-06, "step": 7900.0, "tke_loss": 4.665908193146606e-08}
TRAIN {"epoch": 1.0, "fluct_loss": 7.264926534844562e-05, "loss": 0.00010566342098172754, "lr": 1.6855023707506704e-06, "mean_loss": 3.298987212474458e-05, "pzero": 2.1370544800447533e-06, "step": 8000.0, "tke_loss": 5.832040628206414e-08}
EVAL {"fluctuation_rel_l2": 0.9950287938117981, "iteration": 8000, "mean_field_rel_l2": 0.05964050441980362, "mvpe_raw": 0.08028960227966309, "mvpe_score": 96.1404603382299, "point_score": 87.79661595416252, "rel_l2_raw": 0.09960620105266571, "rel_l2_score": 95.25595795046105, "tke_raw": 0.7780312895774841, "tke_score": 71.99342957379662, "trajectories": 12, "windows": 491}
TRAIN {"epoch": 1.0, "fluct_loss": 8.072844502748922e-05, "loss": 0.00011682795593515038, "lr": 1.2533181891042098e-06, "mean_loss": 3.607493272284046e-05, "pzero": 2.053818661806872e-06, "step": 8100.0, "tke_loss": 8.080505153884587e-08}
TRAIN {"epoch": 1.0, "fluct_loss": 0.00019721314311027527, "loss": 0.00027355924248695374, "lr": 8.843556995786503e-07, "mean_loss": 7.629449828527868e-05, "pzero": 2.4013179427129216e-06, "step": 8200.0, "tke_loss": 5.519949013432779e-07}
TRAIN {"epoch": 1.0, "fluct_loss": 7.520419603679329e-05, "loss": 0.00011958141840295866, "lr": 5.790934256765277e-07, "mean_loss": 4.435422670212574e-05, "pzero": 2.023685055974056e-06, "step": 8300.0, "tke_loss": 5.524898227804442e-08}
TRAIN {"epoch": 1.0, "fluct_loss": 4.682033249991946e-05, "loss": 7.234579970827326e-05, "lr": 3.3792727531977047e-07, "mean_loss": 2.5506678866804577e-05, "pzero": 1.8079532537740306e-06, "step": 8400.0, "tke_loss": 1.4097984113448092e-08}
TRAIN {"epoch": 1.0, "fluct_loss": 7.460244523826987e-05, "loss": 0.00011733776045730338, "lr": 1.6117002737950295e-07, "mean_loss": 4.271390207577497e-05, "pzero": 1.948111957972287e-06, "step": 8500.0, "tke_loss": 3.875194920510694e-08}
TRAIN {"epoch": 1.0, "fluct_loss": 0.0001556992792757228, "loss": 0.00023971493646968156, "lr": 4.9050926019516867e-08, "mean_loss": 8.397403144044802e-05, "pzero": 2.2168255782162305e-06, "step": 8600.0, "tke_loss": 3.893176767633122e-07}
TRAIN {"epoch": 1.0, "fluct_loss": 6.322433182504028e-05, "loss": 9.944767225533724e-05, "lr": 1.7153833795468983e-09, "mean_loss": 3.619859126047231e-05, "pzero": 2.239971991002676e-06, "step": 8700.0, "tke_loss": 4.6953925192383394e-08}
TRAIN {"epoch": 1.0, "fluct_loss": 0.00014370528515428305, "loss": 0.00020179130660835654, "lr": 0.0, "mean_loss": 5.805646287626587e-05, "pzero": 2.052400077445782e-06, "step": 8723.0, "tke_loss": 1.8080575614476402e-07}
EVAL {"fluctuation_rel_l2": 0.998391330242157, "iteration": 8723, "mean_field_rel_l2": 0.059864625334739685, "mvpe_raw": 0.08029961585998535, "mvpe_score": 96.139997563438, "point_score": 87.66374072929197, "rel_l2_raw": 0.09993229806423187, "rel_l2_score": 95.24116571965907, "tke_raw": 0.79290372133255, "tke_score": 71.61005890477887, "trajectories": 12, "windows": 491}
{
  "status": "REVIEW_REQUIRED",
  "best_iteration": 8000,
  "best_point_score": 87.79661595416252
}
