{
  "real_root": "/hy-tmp/realpde_data/train_real",
  "split_manifest": "/hy-tmp/realpde_bootstrap_20260922/env_bundle/code/docs/colleague_screening/results/20260921/colleague_dev16_manifest.json",
  "allow_train_dev_overlap": true,
  "checkpoint": "/hy-tmp/realpde_runs/sota_v2_full_20260922_rebuild/run/checkpoints/model_update_53582.pth",
  "resume_checkpoint": null,
  "resume_iteration": 0,
  "optimizer_policy": "reset_identically_for_each_screen_arm",
  "realpdebench_root": "/hy-tmp/realpde_t1_kit_v9/realpde_t1_starting_kit_v9",
  "device": "cuda:0",
  "train_trajectories": 81,
  "fit_trajectories": 81,
  "val_trajectories": 16,
  "train_windows": 3260,
  "val_windows": 640,
  "train_window_mode": "fixed",
  "angle_augmentation": {
    "kind": "global_uv_component_rotation",
    "max_abs_degrees": 0.0,
    "training_only": true,
    "same_angle_for_past_and_future": true,
    "spatial_grid_rotated": false,
    "physical_exact_aoa_claimed": false
  },
  "aoa_meanfield_augmentation": {
    "kind": "same_re_adjacent_aoa_past20_mean_field_shift",
    "probability": 0.0,
    "lambda_min": 0.2,
    "lambda_max": 0.5,
    "max_neighbor_gap_deg": 5.1,
    "min_eligible_fraction": 0.8,
    "bridge_pair": null,
    "training_only": true,
    "aoa_re_model_inputs": false,
    "future_used_to_construct_input_shift": false,
    "audit": null
  },
  "phase_counts_equalized": true,
  "updates": 200,
  "eval_interval": 200,
  "batch_size": 16,
  "test_batch_size": 16,
  "lr": 0.00028,
  "weight_decay": 1e-05,
  "corrector_config": {
    "hidden": 96,
    "blocks": 2,
    "dropout": 0.0,
    "include_pressure": true,
    "max_delta": 0.04,
    "history_context": false
  },
  "train_alpha": 1.0,
  "eval_alphas": [
    0.0,
    0.025,
    0.05,
    0.075,
    0.1,
    0.15,
    0.2,
    0.3,
    0.5,
    0.75,
    1.0
  ],
  "abs_widths": [
    0.0075
  ],
  "rel_widths": [
    0.0075
  ],
  "loss_weights": {
    "point": 1.0,
    "mse": 0.05,
    "tke": 0.06,
    "temporal": 0.03,
    "grad": 0.015,
    "p_zero": 0.01
  },
  "gradient_mode": "scalar",
  "gradient_projection": "none",
  "residual_mse": 0.25,
  "delta_penalty": 0.02,
  "fixed_time_seconds": null,
  "benchmark_mode": true,
  "trainable_parameters": 1087849,
  "total_parameters": 9081150
}
EVAL_TOP {"alpha": 0.0, "best_bound_abs": 0.0075, "best_bound_rel": 0.0075, "best_bounds": [{"abs": 0.0075, "coverage": 0.8907142639160156, "final_est": 81.73931636486813, "rel": 0.0075, "sps_raw": 0.5342146468162536, "sps_score_linear": 53.421464681625366, "sps_score_used": 53.421464681625366}], "best_final_est": 81.73931636486813, "iteration": 0, "mean_t_neural_s": 0.060614168643951416, "mvpe": 0.04786881431937218, "mvpe_score": 97.66250582143458, "n": 16, "rel_l2": 0.061692461371421814, "rel_l2_score": 97.00767876260339, "time_score": 77.61804864068235, "tke": 0.4100193977355957, "tke_score": 82.98688391799496}
TRAIN {"angle_aug_abs_deg": 0.0, "aoa_effective_shift_abs_deg_mean": 0.0, "aoa_meanfield_aug_fraction": 0.0, "aoa_meanfield_lambda_mean": 0.0, "delta_penalty": 2.2339099973578414e-05, "grad_rel": 0.5450215637683868, "iteration": 20, "loss": 0.17662833034992217, "lr": 0.00027314791228132156, "mse": 0.00019255113293183967, "p_zero": 0.0, "point_rel": 0.1004139494150877, "residual_mse": 0.00019255113365943544, "temporal_rel": 1.3686013400554657, "tke_rel": 0.4487134709954262}
TRAIN {"angle_aug_abs_deg": 0.0, "aoa_effective_shift_abs_deg_mean": 0.0, "aoa_meanfield_aug_fraction": 0.0, "aoa_meanfield_lambda_mean": 0.0, "delta_penalty": 1.4417184820558759e-05, "grad_rel": 0.5471077203750611, "iteration": 40, "loss": 0.16876923218369483, "lr": 0.0002532623792124926, "mse": 0.000177869938488584, "p_zero": 0.0, "point_rel": 0.093122598528862, "residual_mse": 0.00017786993957997766, "temporal_rel": 1.3173273265361787, "tke_rel": 0.4644425481557846}
TRAIN {"angle_aug_abs_deg": 0.0, "aoa_effective_shift_abs_deg_mean": 0.0, "aoa_meanfield_aug_fraction": 0.0, "aoa_meanfield_lambda_mean": 0.0, "delta_penalty": 1.8695744074648246e-05, "grad_rel": 0.5464819610118866, "iteration": 60, "loss": 0.1648807592689991, "lr": 0.00022228993532094618, "mse": 0.00018023659285972826, "p_zero": 0.0, "point_rel": 0.0913666132837534, "residual_mse": 0.00018023659358732403, "temporal_rel": 1.2410189986228943, "tke_rel": 0.4671984285116196}
TRAIN {"angle_aug_abs_deg": 0.0, "aoa_effective_shift_abs_deg_mean": 0.0, "aoa_meanfield_aug_fraction": 0.0, "aoa_meanfield_lambda_mean": 0.0, "delta_penalty": 2.3086091823643072e-05, "grad_rel": 0.5472715139389038, "iteration": 80, "loss": 0.1622914843261242, "lr": 0.00018326237921249263, "mse": 0.00019700568045664114, "p_zero": 0.0, "point_rel": 0.08933322094380855, "residual_mse": 0.00019700568082043902, "temporal_rel": 1.1845719695091248, "tke_rel": 0.48587448745965955}
TRAIN {"angle_aug_abs_deg": 0.0, "aoa_effective_shift_abs_deg_mean": 0.0, "aoa_meanfield_aug_fraction": 0.0, "aoa_meanfield_lambda_mean": 0.0, "delta_penalty": 2.7921702258026927e-05, "grad_rel": 0.5366062462329865, "iteration": 100, "loss": 0.15565951764583588, "lr": 0.00014, "mse": 0.0001592692144186003, "p_zero": 0.0, "point_rel": 0.08520181030035019, "residual_mse": 0.00015926921514619607, "temporal_rel": 1.145863449573517, "tke_rel": 0.4664062336087227}
TRAIN {"angle_aug_abs_deg": 0.0, "aoa_effective_shift_abs_deg_mean": 0.0, "aoa_meanfield_aug_fraction": 0.0, "aoa_meanfield_lambda_mean": 0.0, "delta_penalty": 2.978523471028893e-05, "grad_rel": 0.5419581741094589, "iteration": 120, "loss": 0.1567232683300972, "lr": 9.673762078750742e-05, "mse": 0.0001687607295025373, "p_zero": 0.0, "point_rel": 0.0865203395485878, "residual_mse": 0.00016876073241292033, "temporal_rel": 1.1141466736793517, "tke_rel": 0.47663221061229705}
TRAIN {"angle_aug_abs_deg": 0.0, "aoa_effective_shift_abs_deg_mean": 0.0, "aoa_meanfield_aug_fraction": 0.0, "aoa_meanfield_lambda_mean": 0.0, "delta_penalty": 3.317899527246482e-05, "grad_rel": 0.5493481010198593, "iteration": 140, "loss": 0.1582460045814514, "lr": 5.7710064679053774e-05, "mse": 0.00018057749948638958, "p_zero": 0.0, "point_rel": 0.08747458346188068, "residual_mse": 0.0001805774965760065, "temporal_rel": 1.1043955445289613, "tke_rel": 0.48907492458820345}
TRAIN {"angle_aug_abs_deg": 0.0, "aoa_effective_shift_abs_deg_mean": 0.0, "aoa_meanfield_aug_fraction": 0.0, "aoa_meanfield_lambda_mean": 0.0, "delta_penalty": 3.312186727271183e-05, "grad_rel": 0.5409365087747574, "iteration": 160, "loss": 0.1556321643292904, "lr": 2.6737620787507376e-05, "mse": 0.0001612216237845132, "p_zero": 0.0, "point_rel": 0.08648250624537468, "residual_mse": 0.0001612216237845132, "temporal_rel": 1.0811787486076354, "tke_rel": 0.4758536949753761}
TRAIN {"angle_aug_abs_deg": 0.0, "aoa_effective_shift_abs_deg_mean": 0.0, "aoa_meanfield_aug_fraction": 0.0, "aoa_meanfield_lambda_mean": 0.0, "delta_penalty": 3.350212227815064e-05, "grad_rel": 0.5461264908313751, "iteration": 180, "loss": 0.15582621619105338, "lr": 6.852087718678503e-06, "mse": 0.0001644124171434669, "p_zero": 0.0, "point_rel": 0.08617707341909409, "residual_mse": 0.00016441241386928597, "temporal_rel": 1.0772983491420747, "tke_rel": 0.48480504155159}
TRAIN {"angle_aug_abs_deg": 0.0, "aoa_effective_shift_abs_deg_mean": 0.0, "aoa_meanfield_aug_fraction": 0.0, "aoa_meanfield_lambda_mean": 0.0, "delta_penalty": 3.31544256368943e-05, "grad_rel": 0.5312558844685554, "iteration": 200, "loss": 0.15176005735993386, "lr": 0.0, "mse": 0.00015638785589544568, "p_zero": 0.0, "point_rel": 0.08305003792047501, "residual_mse": 0.0001563878569868393, "temporal_rel": 1.0740558445453643, "tke_rel": 0.4745321527123451}
EVAL_TOP {"alpha": 0.75, "best_bound_abs": 0.0075, "best_bound_rel": 0.0075, "best_bounds": [{"abs": 0.0075, "coverage": 0.9417160034179688, "final_est": 83.70463587688015, "rel": 0.0075, "sps_raw": 0.5698582077026366, "sps_score_linear": 56.985820770263665, "sps_score_used": 56.985820770263665}], "best_final_est": 83.70463587688015, "iteration": 200, "mean_t_neural_s": 0.026111661456525326, "mvpe": 0.0329972580075264, "mvpe_score": 98.37691576427083, "n": 16, "rel_l2": 0.04873394966125488, "rel_l2_score": 97.62126509060326, "time_score": 84.08569977038987, "tke": 0.4553893208503723, "tke_score": 81.45347798887315}
BEST iteration=200 final_est=83.704636 alpha=0.75 abs=0.0075 rel=0.0075
DONE out_dir=/hy-tmp/realpde_runs/colleague80_v2_arm_b_benchmark_20260923/B_strong_backbone/b16 best_iter=200 best_score=83.704636 alpha=0.75 abs=0.0075 rel=0.0075 primary={"benchmark_mode": true, "runtime": {"batch_size": 16, "benchmark_mode": true, "gpu_total_memory": 25425608704, "peak_allocated_fraction": 0.17980997431462714, "peak_gpu_memory_allocated": 4571778048, "peak_gpu_memory_reserved": 6717177856, "peak_reserved_fraction": 0.2641894608778134, "samples_per_second": 28.009715260213547, "samples_seen": 3200, "training_step_seconds": 114.24607391655445, "updates": 200}}
